3361 : 2026-04-07 09:49:36,118 : INFO : telemetry.main : Attempt start. Configuration directory [/home/ubuntu/.azure]. Cache directory [/home/ubuntu/.azure/telemetry/20260407094935905].
3361 : 2026-04-07 09:49:36,131 : INFO : telemetry.records : 1 cache files to upload.
3361 : 2026-04-07 09:49:36,132 : INFO : telemetry.records : Processed file /home/ubuntu/.azure/telemetry/20260407094935905/cache into 1 records.
3361 : 2026-04-07 09:49:36,132 : INFO : telemetry.records : Remove directory /home/ubuntu/.azure/telemetry/20260407094935905
3361 : 2026-04-07 09:49:36,132 : INFO : telemetry.client : Accumulated 1 events. Flush the clients.
3361 : 2026-04-07 09:49:36,132 : INFO : telemetry.client : Flush client c4395b75-49cc-422c-bc95-c7d51aef5d46.
3361 : 2026-04-07 09:49:36,194 : INFO : telemetry.sender : Sending 3985 bytes
3361 : 2026-04-07 09:49:36,194 : INFO : telemetry.sender : Finish uploading in 0.061538 seconds.
3386 : 2026-04-07 09:50:14,962 : INFO : telemetry.main : Attempt start. Configuration directory [/home/ubuntu/.azure]. Cache directory [/home/ubuntu/.azure/telemetry/20260407095014842].
3386 : 2026-04-07 09:50:14,971 : INFO : telemetry.records : 1 cache files to upload.
3386 : 2026-04-07 09:50:14,971 : INFO : telemetry.records : Processed file /home/ubuntu/.azure/telemetry/20260407095014842/cache into 1 records.
3386 : 2026-04-07 09:50:14,971 : INFO : telemetry.records : Remove directory /home/ubuntu/.azure/telemetry/20260407095014842
3386 : 2026-04-07 09:50:14,972 : INFO : telemetry.client : Accumulated 1 events. Flush the clients.
3386 : 2026-04-07 09:50:14,972 : INFO : telemetry.client : Flush client c4395b75-49cc-422c-bc95-c7d51aef5d46.
3386 : 2026-04-07 09:50:15,051 : INFO : telemetry.sender : Sending 4116 bytes
3386 : 2026-04-07 09:50:15,051 : INFO : telemetry.sender : Finish uploading in 0.079231 seconds.
3410 : 2026-04-07 09:51:30,710 : INFO : telemetry.main : Attempt start. Configuration directory [/home/ubuntu/.azure]. Cache directory [/home/ubuntu/.azure/telemetry/20260407095130584].
3410 : 2026-04-07 09:51:30,723 : INFO : telemetry.records : 1 cache files to upload.
3410 : 2026-04-07 09:51:30,723 : INFO : telemetry.records : Processed file /home/ubuntu/.azure/telemetry/20260407095130584/cache into 1 records.
3410 : 2026-04-07 09:51:30,723 : INFO : telemetry.records : Remove directory /home/ubuntu/.azure/telemetry/20260407095130584
3410 : 2026-04-07 09:51:30,724 : INFO : telemetry.client : Accumulated 1 events. Flush the clients.
3410 : 2026-04-07 09:51:30,724 : INFO : telemetry.client : Flush client c4395b75-49cc-422c-bc95-c7d51aef5d46.
3410 : 2026-04-07 09:51:30,787 : INFO : telemetry.sender : Sending 4315 bytes
3410 : 2026-04-07 09:51:30,788 : INFO : telemetry.sender : Finish uploading in 0.063331 seconds.
3506 : 2026-04-07 09:57:46,452 : INFO : telemetry.main : Attempt start. Configuration directory [/home/ubuntu/.azure]. Cache directory [/home/ubuntu/.azure/telemetry/20260407095746338].
3506 : 2026-04-07 09:57:46,461 : INFO : telemetry.records : 1 cache files to upload.
3506 : 2026-04-07 09:57:46,461 : INFO : telemetry.records : Processed file /home/ubuntu/.azure/telemetry/20260407095746338/cache into 1 records.
3506 : 2026-04-07 09:57:46,461 : INFO : telemetry.records : Remove directory /home/ubuntu/.azure/telemetry/20260407095746338
3506 : 2026-04-07 09:57:46,462 : INFO : telemetry.client : Accumulated 1 events. Flush the clients.
3506 : 2026-04-07 09:57:46,462 : INFO : telemetry.client : Flush client c4395b75-49cc-422c-bc95-c7d51aef5d46.
3506 : 2026-04-07 09:57:46,523 : INFO : telemetry.sender : Sending 4135 bytes
3506 : 2026-04-07 09:57:46,523 : INFO : telemetry.sender : Finish uploading in 0.060603 seconds.
3530 : 2026-04-07 09:59:00,638 : INFO : telemetry.main : Attempt start. Configuration directory [/home/ubuntu/.azure]. Cache directory [/home/ubuntu/.azure/telemetry/20260407095900511].
3530 : 2026-04-07 09:59:00,651 : INFO : telemetry.records : 1 cache files to upload.
3530 : 2026-04-07 09:59:00,651 : INFO : telemetry.records : Processed file /home/ubuntu/.azure/telemetry/20260407095900511/cache into 1 records.
3530 : 2026-04-07 09:59:00,651 : INFO : telemetry.records : Remove directory /home/ubuntu/.azure/telemetry/20260407095900511
3530 : 2026-04-07 09:59:00,652 : INFO : telemetry.client : Accumulated 1 events. Flush the clients.
3530 : 2026-04-07 09:59:00,652 : INFO : telemetry.client : Flush client c4395b75-49cc-422c-bc95-c7d51aef5d46.
3530 : 2026-04-07 09:59:00,711 : INFO : telemetry.sender : Sending 4355 bytes
3530 : 2026-04-07 09:59:00,711 : INFO : telemetry.sender : Finish uploading in 0.059299 seconds.
3554 : 2026-04-07 09:59:04,359 : INFO : telemetry.main : Attempt start. Configuration directory [/home/ubuntu/.azure]. Cache directory [/home/ubuntu/.azure/telemetry/20260407095904236].
3554 : 2026-04-07 09:59:04,369 : INFO : telemetry.records : 1 cache files to upload.
3554 : 2026-04-07 09:59:04,370 : INFO : telemetry.records : Processed file /home/ubuntu/.azure/telemetry/20260407095904236/cache into 1 records.
3554 : 2026-04-07 09:59:04,370 : INFO : telemetry.records : Remove directory /home/ubuntu/.azure/telemetry/20260407095904236
3554 : 2026-04-07 09:59:04,370 : INFO : telemetry.client : Accumulated 1 events. Flush the clients.
3554 : 2026-04-07 09:59:04,370 : INFO : telemetry.client : Flush client c4395b75-49cc-422c-bc95-c7d51aef5d46.
3554 : 2026-04-07 09:59:04,445 : INFO : telemetry.sender : Sending 4291 bytes
3554 : 2026-04-07 09:59:04,445 : INFO : telemetry.sender : Finish uploading in 0.074408 seconds.
3582 : 2026-04-07 10:00:09,065 : INFO : telemetry.main : Attempt start. Configuration directory [/home/ubuntu/.azure]. Cache directory [/home/ubuntu/.azure/telemetry/20260407100008723].
3582 : 2026-04-07 10:00:09,110 : INFO : telemetry.records : 1 cache files to upload.
3582 : 2026-04-07 10:00:09,110 : INFO : telemetry.records : Processed file /home/ubuntu/.azure/telemetry/20260407100008723/cache into 1 records.
3582 : 2026-04-07 10:00:09,111 : INFO : telemetry.records : Remove directory /home/ubuntu/.azure/telemetry/20260407100008723
3582 : 2026-04-07 10:00:09,111 : INFO : telemetry.client : Accumulated 1 events. Flush the clients.
3582 : 2026-04-07 10:00:09,111 : INFO : telemetry.client : Flush client c4395b75-49cc-422c-bc95-c7d51aef5d46.
3582 : 2026-04-07 10:00:09,217 : INFO : telemetry.sender : Sending 4294 bytes
3582 : 2026-04-07 10:00:09,218 : INFO : telemetry.sender : Finish uploading in 0.106377 seconds.
3660 : 2026-04-07 10:06:01,132 : INFO : telemetry.main : Attempt start. Configuration directory [/home/ubuntu/.azure]. Cache directory [/home/ubuntu/.azure/telemetry/20260407100601000].
3660 : 2026-04-07 10:06:01,147 : INFO : telemetry.records : 1 cache files to upload.
3660 : 2026-04-07 10:06:01,148 : INFO : telemetry.records : Processed file /home/ubuntu/.azure/telemetry/20260407100601000/cache into 1 records.
3660 : 2026-04-07 10:06:01,148 : INFO : telemetry.records : Remove directory /home/ubuntu/.azure/telemetry/20260407100601000
3660 : 2026-04-07 10:06:01,149 : INFO : telemetry.client : Accumulated 1 events. Flush the clients.
3660 : 2026-04-07 10:06:01,149 : INFO : telemetry.client : Flush client c4395b75-49cc-422c-bc95-c7d51aef5d46.
3660 : 2026-04-07 10:06:01,266 : INFO : telemetry.sender : Sending 4275 bytes
3660 : 2026-04-07 10:06:01,266 : INFO : telemetry.sender : Finish uploading in 0.117358 seconds.
3685 : 2026-04-07 10:06:02,978 : INFO : telemetry.main : Attempt start. Configuration directory [/home/ubuntu/.azure]. Cache directory [/home/ubuntu/.azure/telemetry/20260407100602471].
3685 : 2026-04-07 10:06:03,009 : INFO : telemetry.records : 1 cache files to upload.
3685 : 2026-04-07 10:06:03,009 : INFO : telemetry.records : Processed file /home/ubuntu/.azure/telemetry/20260407100602471/cache into 1 records.
3685 : 2026-04-07 10:06:03,009 : INFO : telemetry.records : Remove directory /home/ubuntu/.azure/telemetry/20260407100602471
3685 : 2026-04-07 10:06:03,010 : INFO : telemetry.client : Accumulated 1 events. Flush the clients.
3685 : 2026-04-07 10:06:03,010 : INFO : telemetry.client : Flush client c4395b75-49cc-422c-bc95-c7d51aef5d46.
3685 : 2026-04-07 10:06:03,237 : INFO : telemetry.sender : Sending 4285 bytes
3685 : 2026-04-07 10:06:03,238 : INFO : telemetry.sender : Finish uploading in 0.227030 seconds.
3709 : 2026-04-07 10:06:05,314 : INFO : telemetry.main : Attempt start. Configuration directory [/home/ubuntu/.azure]. Cache directory [/home/ubuntu/.azure/telemetry/20260407100605180].
3709 : 2026-04-07 10:06:05,328 : INFO : telemetry.records : 1 cache files to upload.
3709 : 2026-04-07 10:06:05,328 : INFO : telemetry.records : Processed file /home/ubuntu/.azure/telemetry/20260407100605180/cache into 1 records.
3709 : 2026-04-07 10:06:05,328 : INFO : telemetry.records : Remove directory /home/ubuntu/.azure/telemetry/20260407100605180
3709 : 2026-04-07 10:06:05,329 : INFO : telemetry.client : Accumulated 1 events. Flush the clients.
3709 : 2026-04-07 10:06:05,329 : INFO : telemetry.client : Flush client c4395b75-49cc-422c-bc95-c7d51aef5d46.
3709 : 2026-04-07 10:06:05,402 : INFO : telemetry.sender : Sending 4324 bytes
3709 : 2026-04-07 10:06:05,402 : INFO : telemetry.sender : Finish uploading in 0.072531 seconds.
3733 : 2026-04-07 10:06:07,130 : INFO : telemetry.main : Attempt start. Configuration directory [/home/ubuntu/.azure]. Cache directory [/home/ubuntu/.azure/telemetry/20260407100606992].
3733 : 2026-04-07 10:06:07,140 : INFO : telemetry.records : 1 cache files to upload.
3733 : 2026-04-07 10:06:07,140 : INFO : telemetry.records : Processed file /home/ubuntu/.azure/telemetry/20260407100606992/cache into 1 records.
3733 : 2026-04-07 10:06:07,141 : INFO : telemetry.records : Remove directory /home/ubuntu/.azure/telemetry/20260407100606992
3733 : 2026-04-07 10:06:07,141 : INFO : telemetry.client : Accumulated 1 events. Flush the clients.
3733 : 2026-04-07 10:06:07,141 : INFO : telemetry.client : Flush client c4395b75-49cc-422c-bc95-c7d51aef5d46.
3733 : 2026-04-07 10:06:07,203 : INFO : telemetry.sender : Sending 4324 bytes
3733 : 2026-04-07 10:06:07,203 : INFO : telemetry.sender : Finish uploading in 0.061945 seconds.
3911 : 2026-04-07 10:13:07,250 : INFO : telemetry.main : Attempt start. Configuration directory [/home/ubuntu/.azure]. Cache directory [/home/ubuntu/.azure/telemetry/20260407101307114].
3911 : 2026-04-07 10:13:07,265 : INFO : telemetry.records : 1 cache files to upload.
3911 : 2026-04-07 10:13:07,265 : INFO : telemetry.records : Processed file /home/ubuntu/.azure/telemetry/20260407101307114/cache into 1 records.
3911 : 2026-04-07 10:13:07,266 : INFO : telemetry.records : Remove directory /home/ubuntu/.azure/telemetry/20260407101307114
3911 : 2026-04-07 10:13:07,266 : INFO : telemetry.client : Accumulated 1 events. Flush the clients.
3911 : 2026-04-07 10:13:07,266 : INFO : telemetry.client : Flush client c4395b75-49cc-422c-bc95-c7d51aef5d46.
3911 : 2026-04-07 10:13:07,369 : INFO : telemetry.sender : Sending 4275 bytes
3911 : 2026-04-07 10:13:07,369 : INFO : telemetry.sender : Finish uploading in 0.102004 seconds.
3935 : 2026-04-07 10:13:07,791 : INFO : telemetry.main : Attempt start. Configuration directory [/home/ubuntu/.azure]. Cache directory [/home/ubuntu/.azure/telemetry/20260407101307642].
3935 : 2026-04-07 10:13:07,807 : INFO : telemetry.records : 1 cache files to upload.
3935 : 2026-04-07 10:13:07,807 : INFO : telemetry.records : Processed file /home/ubuntu/.azure/telemetry/20260407101307642/cache into 1 records.
3935 : 2026-04-07 10:13:07,808 : INFO : telemetry.records : Remove directory /home/ubuntu/.azure/telemetry/20260407101307642
3935 : 2026-04-07 10:13:07,808 : INFO : telemetry.client : Accumulated 1 events. Flush the clients.
3935 : 2026-04-07 10:13:07,809 : INFO : telemetry.client : Flush client c4395b75-49cc-422c-bc95-c7d51aef5d46.
3935 : 2026-04-07 10:13:07,908 : INFO : telemetry.sender : Sending 4285 bytes
3935 : 2026-04-07 10:13:07,908 : INFO : telemetry.sender : Finish uploading in 0.099304 seconds.
3959 : 2026-04-07 10:13:08,579 : INFO : telemetry.main : Attempt start. Configuration directory [/home/ubuntu/.azure]. Cache directory [/home/ubuntu/.azure/telemetry/20260407101308453].
3959 : 2026-04-07 10:13:08,592 : INFO : telemetry.records : 1 cache files to upload.
3959 : 2026-04-07 10:13:08,593 : INFO : telemetry.records : Processed file /home/ubuntu/.azure/telemetry/20260407101308453/cache into 1 records.
3959 : 2026-04-07 10:13:08,593 : INFO : telemetry.records : Remove directory /home/ubuntu/.azure/telemetry/20260407101308453
3959 : 2026-04-07 10:13:08,593 : INFO : telemetry.client : Accumulated 1 events. Flush the clients.
3959 : 2026-04-07 10:13:08,594 : INFO : telemetry.client : Flush client c4395b75-49cc-422c-bc95-c7d51aef5d46.
3959 : 2026-04-07 10:13:08,661 : INFO : telemetry.sender : Sending 4324 bytes
3959 : 2026-04-07 10:13:08,661 : INFO : telemetry.sender : Finish uploading in 0.067436 seconds.
3983 : 2026-04-07 10:13:09,236 : INFO : telemetry.main : Attempt start. Configuration directory [/home/ubuntu/.azure]. Cache directory [/home/ubuntu/.azure/telemetry/20260407101309111].
3983 : 2026-04-07 10:13:09,248 : INFO : telemetry.records : 1 cache files to upload.
3983 : 2026-04-07 10:13:09,248 : INFO : telemetry.records : Processed file /home/ubuntu/.azure/telemetry/20260407101309111/cache into 1 records.
3983 : 2026-04-07 10:13:09,248 : INFO : telemetry.records : Remove directory /home/ubuntu/.azure/telemetry/20260407101309111
3983 : 2026-04-07 10:13:09,249 : INFO : telemetry.client : Accumulated 1 events. Flush the clients.
3983 : 2026-04-07 10:13:09,249 : INFO : telemetry.client : Flush client c4395b75-49cc-422c-bc95-c7d51aef5d46.
3983 : 2026-04-07 10:13:09,310 : INFO : telemetry.sender : Sending 4324 bytes
3983 : 2026-04-07 10:13:09,310 : INFO : telemetry.sender : Finish uploading in 0.061065 seconds.
4036 : 2026-04-07 10:13:51,810 : INFO : telemetry.main : Attempt start. Configuration directory [/home/ubuntu/.azure]. Cache directory [/home/ubuntu/.azure/telemetry/20260407101351681].
4036 : 2026-04-07 10:13:51,824 : INFO : telemetry.records : 1 cache files to upload.
4036 : 2026-04-07 10:13:51,824 : INFO : telemetry.records : Processed file /home/ubuntu/.azure/telemetry/20260407101351681/cache into 1 records.
4036 : 2026-04-07 10:13:51,825 : INFO : telemetry.records : Remove directory /home/ubuntu/.azure/telemetry/20260407101351681
4036 : 2026-04-07 10:13:51,825 : INFO : telemetry.client : Accumulated 1 events. Flush the clients.
4036 : 2026-04-07 10:13:51,825 : INFO : telemetry.client : Flush client c4395b75-49cc-422c-bc95-c7d51aef5d46.
4036 : 2026-04-07 10:13:51,916 : INFO : telemetry.sender : Sending 4275 bytes
4036 : 2026-04-07 10:13:51,916 : INFO : telemetry.sender : Finish uploading in 0.090340 seconds.
4060 : 2026-04-07 10:13:52,221 : INFO : telemetry.main : Attempt start. Configuration directory [/home/ubuntu/.azure]. Cache directory [/home/ubuntu/.azure/telemetry/20260407101352094].
4060 : 2026-04-07 10:13:52,235 : INFO : telemetry.records : 1 cache files to upload.
4060 : 2026-04-07 10:13:52,235 : INFO : telemetry.records : Processed file /home/ubuntu/.azure/telemetry/20260407101352094/cache into 1 records.
4060 : 2026-04-07 10:13:52,235 : INFO : telemetry.records : Remove directory /home/ubuntu/.azure/telemetry/20260407101352094
4060 : 2026-04-07 10:13:52,236 : INFO : telemetry.client : Accumulated 1 events. Flush the clients.
4060 : 2026-04-07 10:13:52,236 : INFO : telemetry.client : Flush client c4395b75-49cc-422c-bc95-c7d51aef5d46.
4060 : 2026-04-07 10:13:52,334 : INFO : telemetry.sender : Sending 4285 bytes
4060 : 2026-04-07 10:13:52,334 : INFO : telemetry.sender : Finish uploading in 0.097187 seconds.
4084 : 2026-04-07 10:13:52,773 : INFO : telemetry.main : Attempt start. Configuration directory [/home/ubuntu/.azure]. Cache directory [/home/ubuntu/.azure/telemetry/20260407101352649].
4084 : 2026-04-07 10:13:52,784 : INFO : telemetry.records : 1 cache files to upload.
4084 : 2026-04-07 10:13:52,784 : INFO : telemetry.records : Processed file /home/ubuntu/.azure/telemetry/20260407101352649/cache into 1 records.
4084 : 2026-04-07 10:13:52,784 : INFO : telemetry.records : Remove directory /home/ubuntu/.azure/telemetry/20260407101352649
4084 : 2026-04-07 10:13:52,785 : INFO : telemetry.client : Accumulated 1 events. Flush the clients.
4084 : 2026-04-07 10:13:52,785 : INFO : telemetry.client : Flush client c4395b75-49cc-422c-bc95-c7d51aef5d46.
4084 : 2026-04-07 10:13:52,863 : INFO : telemetry.sender : Sending 4324 bytes
4084 : 2026-04-07 10:13:52,863 : INFO : telemetry.sender : Finish uploading in 0.078234 seconds.
4108 : 2026-04-07 10:13:53,390 : INFO : telemetry.main : Attempt start. Configuration directory [/home/ubuntu/.azure]. Cache directory [/home/ubuntu/.azure/telemetry/20260407101353266].
4108 : 2026-04-07 10:13:53,400 : INFO : telemetry.records : 1 cache files to upload.
4108 : 2026-04-07 10:13:53,401 : INFO : telemetry.records : Processed file /home/ubuntu/.azure/telemetry/20260407101353266/cache into 1 records.
4108 : 2026-04-07 10:13:53,401 : INFO : telemetry.records : Remove directory /home/ubuntu/.azure/telemetry/20260407101353266
4108 : 2026-04-07 10:13:53,402 : INFO : telemetry.client : Accumulated 1 events. Flush the clients.
4108 : 2026-04-07 10:13:53,402 : INFO : telemetry.client : Flush client c4395b75-49cc-422c-bc95-c7d51aef5d46.
4108 : 2026-04-07 10:13:53,459 : INFO : telemetry.sender : Sending 4324 bytes
4108 : 2026-04-07 10:13:53,459 : INFO : telemetry.sender : Finish uploading in 0.057438 seconds.
4138 : 2026-04-07 10:14:09,443 : INFO : telemetry.main : Attempt start. Configuration directory [/home/ubuntu/.azure]. Cache directory [/home/ubuntu/.azure/telemetry/20260407101409308].
4138 : 2026-04-07 10:14:09,457 : INFO : telemetry.records : 1 cache files to upload.
4138 : 2026-04-07 10:14:09,457 : INFO : telemetry.records : Processed file /home/ubuntu/.azure/telemetry/20260407101409308/cache into 1 records.
4138 : 2026-04-07 10:14:09,458 : INFO : telemetry.records : Remove directory /home/ubuntu/.azure/telemetry/20260407101409308
4138 : 2026-04-07 10:14:09,459 : INFO : telemetry.client : Accumulated 1 events. Flush the clients.
4138 : 2026-04-07 10:14:09,459 : INFO : telemetry.client : Flush client c4395b75-49cc-422c-bc95-c7d51aef5d46.
4138 : 2026-04-07 10:14:09,554 : INFO : telemetry.sender : Sending 4275 bytes
4138 : 2026-04-07 10:14:09,554 : INFO : telemetry.sender : Finish uploading in 0.094782 seconds.
4163 : 2026-04-07 10:14:09,865 : INFO : telemetry.main : Attempt start. Configuration directory [/home/ubuntu/.azure]. Cache directory [/home/ubuntu/.azure/telemetry/20260407101409734].
4163 : 2026-04-07 10:14:09,879 : INFO : telemetry.records : 1 cache files to upload.
4163 : 2026-04-07 10:14:09,879 : INFO : telemetry.records : Processed file /home/ubuntu/.azure/telemetry/20260407101409734/cache into 1 records.
4163 : 2026-04-07 10:14:09,880 : INFO : telemetry.records : Remove directory /home/ubuntu/.azure/telemetry/20260407101409734
4163 : 2026-04-07 10:14:09,880 : INFO : telemetry.client : Accumulated 1 events. Flush the clients.
4163 : 2026-04-07 10:14:09,880 : INFO : telemetry.client : Flush client c4395b75-49cc-422c-bc95-c7d51aef5d46.
4163 : 2026-04-07 10:14:09,977 : INFO : telemetry.sender : Sending 4285 bytes
4163 : 2026-04-07 10:14:09,977 : INFO : telemetry.sender : Finish uploading in 0.096039 seconds.
4187 : 2026-04-07 10:14:10,444 : INFO : telemetry.main : Attempt start. Configuration directory [/home/ubuntu/.azure]. Cache directory [/home/ubuntu/.azure/telemetry/20260407101410300].
4187 : 2026-04-07 10:14:10,457 : INFO : telemetry.records : 1 cache files to upload.
4187 : 2026-04-07 10:14:10,457 : INFO : telemetry.records : Processed file /home/ubuntu/.azure/telemetry/20260407101410300/cache into 1 records.
4187 : 2026-04-07 10:14:10,457 : INFO : telemetry.records : Remove directory /home/ubuntu/.azure/telemetry/20260407101410300
4187 : 2026-04-07 10:14:10,458 : INFO : telemetry.client : Accumulated 1 events. Flush the clients.
4187 : 2026-04-07 10:14:10,458 : INFO : telemetry.client : Flush client c4395b75-49cc-422c-bc95-c7d51aef5d46.
4187 : 2026-04-07 10:14:10,541 : INFO : telemetry.sender : Sending 4324 bytes
4187 : 2026-04-07 10:14:10,541 : INFO : telemetry.sender : Finish uploading in 0.082772 seconds.
4211 : 2026-04-07 10:14:11,077 : INFO : telemetry.main : Attempt start. Configuration directory [/home/ubuntu/.azure]. Cache directory [/home/ubuntu/.azure/telemetry/20260407101410951].
4211 : 2026-04-07 10:14:11,089 : INFO : telemetry.records : 1 cache files to upload.
4211 : 2026-04-07 10:14:11,089 : INFO : telemetry.records : Processed file /home/ubuntu/.azure/telemetry/20260407101410951/cache into 1 records.
4211 : 2026-04-07 10:14:11,090 : INFO : telemetry.records : Remove directory /home/ubuntu/.azure/telemetry/20260407101410951
4211 : 2026-04-07 10:14:11,090 : INFO : telemetry.client : Accumulated 1 events. Flush the clients.
4211 : 2026-04-07 10:14:11,090 : INFO : telemetry.client : Flush client c4395b75-49cc-422c-bc95-c7d51aef5d46.
4211 : 2026-04-07 10:14:11,153 : INFO : telemetry.sender : Sending 4324 bytes
4211 : 2026-04-07 10:14:11,153 : INFO : telemetry.sender : Finish uploading in 0.062374 seconds.
4721 : 2026-04-07 10:51:14,177 : INFO : telemetry.main : Attempt start. Configuration directory [/home/ubuntu/.azure]. Cache directory [/home/ubuntu/.azure/telemetry/20260407105114044].
4721 : 2026-04-07 10:51:14,192 : INFO : telemetry.records : 1 cache files to upload.
4721 : 2026-04-07 10:51:14,193 : INFO : telemetry.records : Processed file /home/ubuntu/.azure/telemetry/20260407105114044/cache into 1 records.
4721 : 2026-04-07 10:51:14,193 : INFO : telemetry.records : Remove directory /home/ubuntu/.azure/telemetry/20260407105114044
4721 : 2026-04-07 10:51:14,194 : INFO : telemetry.client : Accumulated 1 events. Flush the clients.
4721 : 2026-04-07 10:51:14,194 : INFO : telemetry.client : Flush client c4395b75-49cc-422c-bc95-c7d51aef5d46.
4721 : 2026-04-07 10:51:14,290 : INFO : telemetry.sender : Sending 4275 bytes
4721 : 2026-04-07 10:51:14,290 : INFO : telemetry.sender : Finish uploading in 0.096117 seconds.
4744 : 2026-04-07 10:51:14,672 : INFO : telemetry.main : Attempt start. Configuration directory [/home/ubuntu/.azure]. Cache directory [/home/ubuntu/.azure/telemetry/20260407105114544].
4744 : 2026-04-07 10:51:14,686 : INFO : telemetry.records : 1 cache files to upload.
4744 : 2026-04-07 10:51:14,686 : INFO : telemetry.records : Processed file /home/ubuntu/.azure/telemetry/20260407105114544/cache into 1 records.
4744 : 2026-04-07 10:51:14,687 : INFO : telemetry.records : Remove directory /home/ubuntu/.azure/telemetry/20260407105114544
4744 : 2026-04-07 10:51:14,687 : INFO : telemetry.client : Accumulated 1 events. Flush the clients.
4744 : 2026-04-07 10:51:14,688 : INFO : telemetry.client : Flush client c4395b75-49cc-422c-bc95-c7d51aef5d46.
4744 : 2026-04-07 10:51:14,785 : INFO : telemetry.sender : Sending 4285 bytes
4744 : 2026-04-07 10:51:14,785 : INFO : telemetry.sender : Finish uploading in 0.097455 seconds.
4768 : 2026-04-07 10:51:15,456 : INFO : telemetry.main : Attempt start. Configuration directory [/home/ubuntu/.azure]. Cache directory [/home/ubuntu/.azure/telemetry/20260407105115327].
4768 : 2026-04-07 10:51:15,467 : INFO : telemetry.records : 1 cache files to upload.
4768 : 2026-04-07 10:51:15,468 : INFO : telemetry.records : Processed file /home/ubuntu/.azure/telemetry/20260407105115327/cache into 1 records.
4768 : 2026-04-07 10:51:15,468 : INFO : telemetry.records : Remove directory /home/ubuntu/.azure/telemetry/20260407105115327
4768 : 2026-04-07 10:51:15,468 : INFO : telemetry.client : Accumulated 1 events. Flush the clients.
4768 : 2026-04-07 10:51:15,469 : INFO : telemetry.client : Flush client c4395b75-49cc-422c-bc95-c7d51aef5d46.
4768 : 2026-04-07 10:51:15,538 : INFO : telemetry.sender : Sending 4324 bytes
4768 : 2026-04-07 10:51:15,538 : INFO : telemetry.sender : Finish uploading in 0.069245 seconds.
4792 : 2026-04-07 10:51:16,095 : INFO : telemetry.main : Attempt start. Configuration directory [/home/ubuntu/.azure]. Cache directory [/home/ubuntu/.azure/telemetry/20260407105115970].
4792 : 2026-04-07 10:51:16,107 : INFO : telemetry.records : 1 cache files to upload.
4792 : 2026-04-07 10:51:16,107 : INFO : telemetry.records : Processed file /home/ubuntu/.azure/telemetry/20260407105115970/cache into 1 records.
4792 : 2026-04-07 10:51:16,107 : INFO : telemetry.records : Remove directory /home/ubuntu/.azure/telemetry/20260407105115970
4792 : 2026-04-07 10:51:16,108 : INFO : telemetry.client : Accumulated 1 events. Flush the clients.
4792 : 2026-04-07 10:51:16,108 : INFO : telemetry.client : Flush client c4395b75-49cc-422c-bc95-c7d51aef5d46.
4792 : 2026-04-07 10:51:16,170 : INFO : telemetry.sender : Sending 4324 bytes
4792 : 2026-04-07 10:51:16,170 : INFO : telemetry.sender : Finish uploading in 0.061776 seconds.
4822 : 2026-04-07 10:51:25,555 : INFO : telemetry.main : Attempt start. Configuration directory [/home/ubuntu/.azure]. Cache directory [/home/ubuntu/.azure/telemetry/20260407105125425].
4822 : 2026-04-07 10:51:25,569 : INFO : telemetry.records : 1 cache files to upload.
4822 : 2026-04-07 10:51:25,569 : INFO : telemetry.records : Processed file /home/ubuntu/.azure/telemetry/20260407105125425/cache into 1 records.
4822 : 2026-04-07 10:51:25,570 : INFO : telemetry.records : Remove directory /home/ubuntu/.azure/telemetry/20260407105125425
4822 : 2026-04-07 10:51:25,571 : INFO : telemetry.client : Accumulated 1 events. Flush the clients.
4822 : 2026-04-07 10:51:25,571 : INFO : telemetry.client : Flush client c4395b75-49cc-422c-bc95-c7d51aef5d46.
4822 : 2026-04-07 10:51:25,663 : INFO : telemetry.sender : Sending 4275 bytes
4822 : 2026-04-07 10:51:25,664 : INFO : telemetry.sender : Finish uploading in 0.092695 seconds.
4846 : 2026-04-07 10:51:25,967 : INFO : telemetry.main : Attempt start. Configuration directory [/home/ubuntu/.azure]. Cache directory [/home/ubuntu/.azure/telemetry/20260407105125839].
4846 : 2026-04-07 10:51:25,981 : INFO : telemetry.records : 1 cache files to upload.
4846 : 2026-04-07 10:51:25,981 : INFO : telemetry.records : Processed file /home/ubuntu/.azure/telemetry/20260407105125839/cache into 1 records.
4846 : 2026-04-07 10:51:25,982 : INFO : telemetry.records : Remove directory /home/ubuntu/.azure/telemetry/20260407105125839
4846 : 2026-04-07 10:51:25,983 : INFO : telemetry.client : Accumulated 1 events. Flush the clients.
4846 : 2026-04-07 10:51:25,983 : INFO : telemetry.client : Flush client c4395b75-49cc-422c-bc95-c7d51aef5d46.
4846 : 2026-04-07 10:51:26,076 : INFO : telemetry.sender : Sending 4285 bytes
4846 : 2026-04-07 10:51:26,076 : INFO : telemetry.sender : Finish uploading in 0.093030 seconds.
4870 : 2026-04-07 10:51:26,516 : INFO : telemetry.main : Attempt start. Configuration directory [/home/ubuntu/.azure]. Cache directory [/home/ubuntu/.azure/telemetry/20260407105126391].
4870 : 2026-04-07 10:51:26,530 : INFO : telemetry.records : 1 cache files to upload.
4870 : 2026-04-07 10:51:26,530 : INFO : telemetry.records : Processed file /home/ubuntu/.azure/telemetry/20260407105126391/cache into 1 records.
4870 : 2026-04-07 10:51:26,530 : INFO : telemetry.records : Remove directory /home/ubuntu/.azure/telemetry/20260407105126391
4870 : 2026-04-07 10:51:26,531 : INFO : telemetry.client : Accumulated 1 events. Flush the clients.
4870 : 2026-04-07 10:51:26,531 : INFO : telemetry.client : Flush client c4395b75-49cc-422c-bc95-c7d51aef5d46.
4870 : 2026-04-07 10:51:26,605 : INFO : telemetry.sender : Sending 4324 bytes
4870 : 2026-04-07 10:51:26,605 : INFO : telemetry.sender : Finish uploading in 0.074036 seconds.
4894 : 2026-04-07 10:51:27,147 : INFO : telemetry.main : Attempt start. Configuration directory [/home/ubuntu/.azure]. Cache directory [/home/ubuntu/.azure/telemetry/20260407105127021].
4894 : 2026-04-07 10:51:27,158 : INFO : telemetry.records : 1 cache files to upload.
4894 : 2026-04-07 10:51:27,158 : INFO : telemetry.records : Processed file /home/ubuntu/.azure/telemetry/20260407105127021/cache into 1 records.
4894 : 2026-04-07 10:51:27,158 : INFO : telemetry.records : Remove directory /home/ubuntu/.azure/telemetry/20260407105127021
4894 : 2026-04-07 10:51:27,159 : INFO : telemetry.client : Accumulated 1 events. Flush the clients.
4894 : 2026-04-07 10:51:27,159 : INFO : telemetry.client : Flush client c4395b75-49cc-422c-bc95-c7d51aef5d46.
4894 : 2026-04-07 10:51:27,219 : INFO : telemetry.sender : Sending 4324 bytes
4894 : 2026-04-07 10:51:27,219 : INFO : telemetry.sender : Finish uploading in 0.060046 seconds.
4925 : 2026-04-07 10:51:38,835 : INFO : telemetry.main : Attempt start. Configuration directory [/home/ubuntu/.azure]. Cache directory [/home/ubuntu/.azure/telemetry/20260407105138690].
4925 : 2026-04-07 10:51:38,851 : INFO : telemetry.records : 1 cache files to upload.
4925 : 2026-04-07 10:51:38,852 : INFO : telemetry.records : Processed file /home/ubuntu/.azure/telemetry/20260407105138690/cache into 1 records.
4925 : 2026-04-07 10:51:38,852 : INFO : telemetry.records : Remove directory /home/ubuntu/.azure/telemetry/20260407105138690
4925 : 2026-04-07 10:51:38,853 : INFO : telemetry.client : Accumulated 1 events. Flush the clients.
4925 : 2026-04-07 10:51:38,853 : INFO : telemetry.client : Flush client c4395b75-49cc-422c-bc95-c7d51aef5d46.
4925 : 2026-04-07 10:51:38,954 : INFO : telemetry.sender : Sending 4275 bytes
4925 : 2026-04-07 10:51:38,954 : INFO : telemetry.sender : Finish uploading in 0.101285 seconds.
4949 : 2026-04-07 10:51:39,283 : INFO : telemetry.main : Attempt start. Configuration directory [/home/ubuntu/.azure]. Cache directory [/home/ubuntu/.azure/telemetry/20260407105139140].
4949 : 2026-04-07 10:51:39,299 : INFO : telemetry.records : 1 cache files to upload.
4949 : 2026-04-07 10:51:39,299 : INFO : telemetry.records : Processed file /home/ubuntu/.azure/telemetry/20260407105139140/cache into 1 records.
4949 : 2026-04-07 10:51:39,299 : INFO : telemetry.records : Remove directory /home/ubuntu/.azure/telemetry/20260407105139140
4949 : 2026-04-07 10:51:39,300 : INFO : telemetry.client : Accumulated 1 events. Flush the clients.
4949 : 2026-04-07 10:51:39,300 : INFO : telemetry.client : Flush client c4395b75-49cc-422c-bc95-c7d51aef5d46.
4949 : 2026-04-07 10:51:39,411 : INFO : telemetry.sender : Sending 4285 bytes
4949 : 2026-04-07 10:51:39,412 : INFO : telemetry.sender : Finish uploading in 0.110986 seconds.
4973 : 2026-04-07 10:51:39,846 : INFO : telemetry.main : Attempt start. Configuration directory [/home/ubuntu/.azure]. Cache directory [/home/ubuntu/.azure/telemetry/20260407105139713].
4973 : 2026-04-07 10:51:39,857 : INFO : telemetry.records : 1 cache files to upload.
4973 : 2026-04-07 10:51:39,857 : INFO : telemetry.records : Processed file /home/ubuntu/.azure/telemetry/20260407105139713/cache into 1 records.
4973 : 2026-04-07 10:51:39,858 : INFO : telemetry.records : Remove directory /home/ubuntu/.azure/telemetry/20260407105139713
4973 : 2026-04-07 10:51:39,858 : INFO : telemetry.client : Accumulated 1 events. Flush the clients.
4973 : 2026-04-07 10:51:39,858 : INFO : telemetry.client : Flush client c4395b75-49cc-422c-bc95-c7d51aef5d46.
4973 : 2026-04-07 10:51:39,945 : INFO : telemetry.sender : Sending 4324 bytes
4973 : 2026-04-07 10:51:39,946 : INFO : telemetry.sender : Finish uploading in 0.087208 seconds.
4997 : 2026-04-07 10:51:40,469 : INFO : telemetry.main : Attempt start. Configuration directory [/home/ubuntu/.azure]. Cache directory [/home/ubuntu/.azure/telemetry/20260407105140345].
4997 : 2026-04-07 10:51:40,480 : INFO : telemetry.records : 1 cache files to upload.
4997 : 2026-04-07 10:51:40,480 : INFO : telemetry.records : Processed file /home/ubuntu/.azure/telemetry/20260407105140345/cache into 1 records.
4997 : 2026-04-07 10:51:40,481 : INFO : telemetry.records : Remove directory /home/ubuntu/.azure/telemetry/20260407105140345
4997 : 2026-04-07 10:51:40,481 : INFO : telemetry.client : Accumulated 1 events. Flush the clients.
4997 : 2026-04-07 10:51:40,481 : INFO : telemetry.client : Flush client c4395b75-49cc-422c-bc95-c7d51aef5d46.
4997 : 2026-04-07 10:51:40,545 : INFO : telemetry.sender : Sending 4324 bytes
4997 : 2026-04-07 10:51:40,546 : INFO : telemetry.sender : Finish uploading in 0.064090 seconds.
